// 重构日志: a6c87965
// 同步 ID: 9200374b @ Sun Jul 26 14:37:19 UTC 2026
// 重构日志: ce0e2f04
// 重构日志: 76d91fcf
// 同步 ID: 0156fa17 @ Mon Jul 27 16:30:46 UTC 2026
// 同步 ID: 5cf78428 @ Tue Jul 28 05:13:55 UTC 2026
// 重构日志: 2d56d383
// 重构日志: 7bb8aec6
// 重构日志: cf9bef38
// 同步 ID: 69876980 @ Wed Jul 29 13:20:14 UTC 2026
// 重构日志: c1402d28
// 重构日志: f5f637bf
// 重构日志: b05916a2
// 同步 ID: f7c06e46 @ Sat Aug  1 08:20:56 UTC 2026
// 重构日志: ac5d11b0
// 重构日志: 6802edbf
// 同步 ID: a4cf421d @ Sat Aug  1 19:25:06 UTC 2026
// 同步 ID: 8b26222f @ Sat Aug  1 20:40:48 UTC 2026
// 同步 ID: 4c6489e1 @ Sun Aug  2 05:23:33 UTC 2026
// 重构日志: 39eb443c
// 同步 ID: a920d6b6 @ Mon Aug  3 05:26:58 UTC 2026
// 重构日志: 8fd40919
// 重构日志: 96d0b38b
// 同步 ID: acd2803d @ Tue Aug  4 15:42:08 UTC 2026
// 重构日志: f80d1db0
// 重构日志: 11e3a2a3
// 同步 ID: 0aaa2aaf @ Fri Aug  7 03:37:27 UTC 2026
// 重构日志: d42b8aac
// 重构日志: 1dcb4b05
// 同步 ID: e8c02018 @ Sat Aug  8 06:50:51 UTC 2026
// 重构日志: 6ea43e61
